<html>
<body>
<pre>
<h1>礦ision Build Log</h1>
<h2>Tool Versions:</h2>
IDE-Version: μVision V5.27.0.0
Copyright (C) 2018 ARM Ltd and ARM Germany GmbH. All rights reserved.
License Information: 1 1, 1, LIC=SDA0P-MRNQJ-X7TRZ-JMEPH-V1YV7-ZPPRZ
 
Tool Versions:
Toolchain:       MDK-ARM Plus  Version: 5.27.0.0
Toolchain Path:  Z:\STM32_study\mdk_pack\ARM\ARMCC\Bin
C Compiler:      Armcc.exe V5.06 update 6 (build 750)
Assembler:       Armasm.exe V5.06 update 6 (build 750)
Linker/Locator:  ArmLink.exe V5.06 update 6 (build 750)
Library Manager: ArmAr.exe V5.06 update 6 (build 750)
Hex Converter:   FromElf.exe V5.06 update 6 (build 750)
CPU DLL:         SARMCM3.DLL V5.27.0.0
Dialog DLL:      DCM.DLL V1.17.2.0
Target DLL:      CMSIS_AGDI.dll V1.31.9.0
Dialog DLL:      TCM.DLL V1.36.1.0
 
<h2>Project:</h2>
Z:\STM32资料\普中STM32-PZ6806L开发板资料-A\4--实验程序\扩展实验\乒乓球游戏\Template.uvprojx
Project File Date:  06/10/2022

<h2>Output:</h2>
*** Using Compiler 'V5.06 update 6 (build 750)', folder: 'Z:\STM32_study\mdk_pack\ARM\ARMCC\Bin'
Rebuild target 'Target 1'
assembling startup_stm32f10x_hd.s...
compiling stm32f10x_it.c...
compiling stm32f10x_gpio.c...
compiling stm32f10x_exti.c...
compiling misc.c...
compiling main.c...
User\main.c(14): warning:  #177-D: variable "i"  was declared but never referenced
  	u8 i;
User\main.c: 1 warning, 0 errors
compiling stm32f10x_rcc.c...
compiling stm32f10x_tim.c...
compiling stm32f10x_iwdg.c...
compiling stm32f10x_pwr.c...
compiling stm32f10x_wwdg.c...
compiling stm32f10x_adc.c...
compiling stm32f10x_bkp.c...
compiling stm32f10x_usart.c...
compiling stm32f10x_dac.c...
compiling core_cm3.c...
compiling stm32f10x_spi.c...
compiling stm32f10x_rtc.c...
compiling stm32f10x_dma.c...
compiling stm32f10x_can.c...
compiling led.c...
compiling stm32f10x_fsmc.c...
compiling system_stm32f10x.c...
compiling system.c...
compiling usart.c...
compiling SysTick.c...
compiling key.c...
compiling time.c...
compiling tftlcd.c...
APP\tftlcd\tftlcd.c(434): warning:  #177-D: variable "i"  was declared but never referenced
  	u16 i;
APP\tftlcd\tftlcd.c(1670): warning:  #111-D: statement is unreachable
   	return r;						
APP\tftlcd\tftlcd.c: 2 warnings, 0 errors
compiling ball.c...
linking...
Program Size: Code=7816 RO-data=199480 RW-data=72 ZI-data=1024  
FromELF: creating hex file...
".\Obj\Template.axf" - 0 Error(s), 3 Warning(s).

<h2>Software Packages used:</h2>

Package Vendor: Keil
                http://www.keil.com/pack/Keil.STM32F1xx_DFP.1.0.5.pack
                Keil.STM32F1xx_DFP.1.0.5
                STMicroelectronics STM32F1 Series Device Support, Drivers and Examples

<h2>Collection of Component include folders:</h2>
  .\RTE\_Target_1
  Z:\STM32_study\mdk_pack\Keil\STM32F1xx_DFP\1.0.5\Device\Include

<h2>Collection of Component Files used:</h2>
Build Time Elapsed:  00:00:04
</pre>
</body>
</html>
